// Jest Snapshot v1, https://goo.gl/fbAQLP

exports[`proof <GrettingScreen/> should show the component correctly  1`] = `ShallowWrapper {}`;
